###############################################################################
#
# IAR ELF Linker V7.70.2.11706/W32 for ARM                16/Dec/2016  01:02:30
# Copyright 2007-2016 IAR Systems AB.
#
#    Output file  =  
#        D:\Stm_Reverse
#        Cam\validation\came-rec\Project\EWARM\STM32F407VGT6\Exe\Project.out
#    Map file     =  
#        D:\Stm_Reverse
#        Cam\validation\came-rec\Project\EWARM\STM32F407VGT6\List\Project.map
#    Command line =  
#        "D:\Stm_Reverse
#        Cam\validation\came-rec\Project\EWARM\STM32F407VGT6\Obj\AsciiLib.o"
#        "D:\Stm_Reverse
#        Cam\validation\came-rec\Project\EWARM\STM32F407VGT6\Obj\dcmi_OV7670.o"
#        "D:\Stm_Reverse
#        Cam\validation\came-rec\Project\EWARM\STM32F407VGT6\Obj\LCD.o"
#        "D:\Stm_Reverse
#        Cam\validation\came-rec\Project\EWARM\STM32F407VGT6\Obj\main.o"
#        "D:\Stm_Reverse
#        Cam\validation\came-rec\Project\EWARM\STM32F407VGT6\Obj\misc.o"
#        "D:\Stm_Reverse
#        Cam\validation\came-rec\Project\EWARM\STM32F407VGT6\Obj\SCCB.o"
#        "D:\Stm_Reverse
#        Cam\validation\came-rec\Project\EWARM\STM32F407VGT6\Obj\startup_stm32f4xx.o"
#        "D:\Stm_Reverse
#        Cam\validation\came-rec\Project\EWARM\STM32F407VGT6\Obj\stm32f4xx_dac.o"
#        "D:\Stm_Reverse
#        Cam\validation\came-rec\Project\EWARM\STM32F407VGT6\Obj\stm32f4xx_dcmi.o"
#        "D:\Stm_Reverse
#        Cam\validation\came-rec\Project\EWARM\STM32F407VGT6\Obj\stm32f4xx_dma.o"
#        "D:\Stm_Reverse
#        Cam\validation\came-rec\Project\EWARM\STM32F407VGT6\Obj\stm32f4xx_exti.o"
#        "D:\Stm_Reverse
#        Cam\validation\came-rec\Project\EWARM\STM32F407VGT6\Obj\stm32f4xx_fsmc.o"
#        "D:\Stm_Reverse
#        Cam\validation\came-rec\Project\EWARM\STM32F407VGT6\Obj\stm32f4xx_gpio.o"
#        "D:\Stm_Reverse
#        Cam\validation\came-rec\Project\EWARM\STM32F407VGT6\Obj\stm32f4xx_i2c.o"
#        "D:\Stm_Reverse
#        Cam\validation\came-rec\Project\EWARM\STM32F407VGT6\Obj\stm32f4xx_it.o"
#        "D:\Stm_Reverse
#        Cam\validation\came-rec\Project\EWARM\STM32F407VGT6\Obj\stm32f4xx_rcc.o"
#        "D:\Stm_Reverse
#        Cam\validation\came-rec\Project\EWARM\STM32F407VGT6\Obj\stm32f4xx_syscfg.o"
#        "D:\Stm_Reverse
#        Cam\validation\came-rec\Project\EWARM\STM32F407VGT6\Obj\stm32f4xx_tim.o"
#        "D:\Stm_Reverse
#        Cam\validation\came-rec\Project\EWARM\STM32F407VGT6\Obj\system_stm32f4xx.o"
#        --redirect _Printf=_PrintfSmall --redirect _Scanf=_ScanfSmall -o
#        "D:\Stm_Reverse
#        Cam\validation\came-rec\Project\EWARM\STM32F407VGT6\Exe\Project.out"
#        --map "D:\Stm_Reverse
#        Cam\validation\came-rec\Project\EWARM\STM32F407VGT6\List\Project.map"
#        --config "D:\Stm_Reverse
#        Cam\validation\came-rec\Project\EWARM\stm32f4xx_flash.icf"
#        --semihosting --entry __iar_program_start --vfe
#
###############################################################################

*******************************************************************************
*** RUNTIME MODEL ATTRIBUTES
***

CppFlavor                     = *
__Heap_Handler                = Basic
__SystemLibrary               = DLib
__dlib_dynamic_initialization = normal


*******************************************************************************
*** PLACEMENT SUMMARY
***

"A0":  place at 0x08000000 { ro section .intvec };
"P1":  place in [from 0x08000000 to 0x080fffff] { ro };
"P2":  place in [from 0x20000000 to 0x2001ffff] { rw, block CSTACK, block HEAP };
initialize by copy { rw };

  Section             Kind        Address    Size  Object
  -------             ----        -------    ----  ------
"A0":                                       0x188
  .intvec             ro code  0x08000000   0x188  startup_stm32f4xx.o [1]
                             - 0x08000188   0x188

"P1":                                      0x451d
  .text               ro code  0x08000188  0x14ac  LCD.o [1]
  .text               ro code  0x08001634   0x130  stm32f4xx_rcc.o [1]
  .text               ro code  0x08001764    0xa6  stm32f4xx_gpio.o [1]
  .text               ro code  0x0800180c    0xdc  stm32f4xx_fsmc.o [1]
  .text               ro code  0x080018e8   0x604  AsciiLib.o [1]
  .text               ro code  0x08001eec    0x76  ABImemcpy_unaligned.o [5]
  .text               ro code  0x08001f64   0x7c4  xprintfsmall.o [3]
  .text               ro code  0x08002728    0x20  xmbtowc.o [3]
  .text               ro code  0x08002748    0x16  strchr.o [5]
  .text               ro code  0x08002760    0x36  strlen.o [5]
  .text               ro code  0x08002798    0x58  memchr.o [5]
  .text               ro code  0x080027f0     0xa  xmbcurmax.o [3]
  .text               ro code  0x080027fc    0xb0  xxmemxmalloc.o [3]
  .text               ro code  0x080028ac    0x1a  xwctomb.o [3]
  .text               ro code  0x080028c8    0x80  xxmemxfree.o [3]
  .text               ro code  0x08002948    0x14  setlocale.o [3]
  .text               ro code  0x0800295c    0x60  xencoding_sb.o [3]
  .text               ro code  0x080029bc    0x2c  xgetmemchunk.o [3]
  .text               ro code  0x080029e8     0x2  xtls.o [3]
  .text               ro code  0x080029ec   0x5a8  main.o [1]
  .text               ro code  0x08002f94    0x80  stm32f4xx_exti.o [1]
  .text               ro code  0x08003014    0x78  misc.o [1]
  .text               ro code  0x0800308c    0x28  stm32f4xx_syscfg.o [1]
  .text               ro code  0x080030b4    0xb6  stm32f4xx_tim.o [1]
  .text               ro code  0x0800316c    0x7c  stm32f4xx_dac.o [1]
  .text               ro code  0x080031e8    0x24  printf.o [3]
  .text               ro code  0x0800320c   0x420  dcmi_OV7670.o [1]
  .text               ro code  0x0800362c   0x17c  stm32f4xx_dma.o [1]
  .text               ro code  0x080037a8    0x7c  stm32f4xx_dcmi.o [1]
  .text               ro code  0x08003824   0x232  SCCB.o [1]
  .text               ro code  0x08003a58   0x19c  stm32f4xx_i2c.o [1]
  .text               ro code  0x08003bf4    0xe0  system_stm32f4xx.o [1]
  .text               ro code  0x08003cd4    0xd6  xfspos.o [3]
  .text               ro code  0x08003dac    0xb0  fflush.o [3]
  .text               ro code  0x08003e5c     0xc  xfgpos.o [3]
  .text               ro code  0x08003e68    0x4c  lseek.o [6]
  .text               ro code  0x08003eb4     0xc  errno.o [3]
  .text               ro code  0x08003ec0     0x4  xsyslock_nop.o [3]
  .text               ro code  0x08003ec4    0x10  write.o [6]
  .text               ro code  0x08003ed4    0xcc  XShHandles.o [3]
  .text               ro code  0x08003fa0    0x1e  dwrite.o [6]
  .text               ro code  0x08003fbe    0x20  iarwstd.o [6]
  .text               ro code  0x08003fde    0x22  iarwrite.o [6]
  .text               ro code  0x08004000    0x6c  iarttio.o [6]
  .text               ro code  0x0800406c     0x8  XShttio.o [3]
  .text               ro code  0x08004074    0xb8  xfwprep.o [3]
  .text               ro code  0x0800412c    0x22  fseek.o [3]
  .text               ro code  0x08004150    0x80  xfofind.o [3]
  .text               ro code  0x080041d0    0x7a  fclose.o [3]
  .text               ro code  0x0800424a    0x1a  close.o [6]
  .text               ro code  0x08004264    0x16  remove.o [6]
  .text               ro code  0x0800427c    0x58  xcloseall.o [3]
  .text               ro code  0x080042d4    0x56  fputc.o [3]
  .text               ro code  0x0800432a    0x40  zero_init3.o [5]
  .text               ro code  0x0800436a    0x38  packbits_init_single.o [5]
  .text               ro code  0x080043a4    0x28  data_init.o [5]
  .text               ro code  0x080043cc    0x22  fpinit_M.o [4]
  .iar.init_table     const    0x080043f0    0x20  - Linker created -
  .text               ro code  0x08004410    0x1a  cmain.o [5]
  .text               ro code  0x0800442a     0x4  low_level_init.o [3]
  .text               ro code  0x0800442e     0x4  exit.o [3]
  .text               ro code  0x08004434     0xe  cexit.o [5]
  .text               ro code  0x08004444    0x14  exit.o [6]
  .text               ro code  0x08004458    0x16  xprout.o [3]
  .text               ro code  0x08004470     0xc  putchar.o [3]
  .text               ro code  0x0800447c    0x12  stm32f4xx_it.o [1]
  .text               ro code  0x08004490    0x10  startup_stm32f4xx.o [1]
  .text               ro code  0x080044a0     0xc  cstartup_M.o [5]
  .text               ro code  0x080044ac     0x4  startup_stm32f4xx.o [1]
  .text               ro code  0x080044b0     0x4  startup_stm32f4xx.o [1]
  .text               ro code  0x080044b4     0x4  startup_stm32f4xx.o [1]
  .text               ro code  0x080044b8     0x4  startup_stm32f4xx.o [1]
  .text               ro code  0x080044bc     0x4  startup_stm32f4xx.o [1]
  .text               ro code  0x080044c0     0x4  startup_stm32f4xx.o [1]
  .text               ro code  0x080044c4     0x4  startup_stm32f4xx.o [1]
  .text               ro code  0x080044c8     0x4  startup_stm32f4xx.o [1]
  .text               ro code  0x080044cc     0x4  startup_stm32f4xx.o [1]
  .text               ro code  0x080044d0     0x4  startup_stm32f4xx.o [1]
  .text               ro code  0x080044d4     0x4  startup_stm32f4xx.o [1]
  .text               ro code  0x080044d8     0x4  startup_stm32f4xx.o [1]
  .text               ro code  0x080044dc     0x4  startup_stm32f4xx.o [1]
  .text               ro code  0x080044e0     0x4  startup_stm32f4xx.o [1]
  .text               ro code  0x080044e4     0x4  startup_stm32f4xx.o [1]
  .text               ro code  0x080044e8     0x4  startup_stm32f4xx.o [1]
  .text               ro code  0x080044ec     0x4  startup_stm32f4xx.o [1]
  .text               ro code  0x080044f0     0x4  startup_stm32f4xx.o [1]
  .text               ro code  0x080044f4     0x4  startup_stm32f4xx.o [1]
  .text               ro code  0x080044f8     0x4  startup_stm32f4xx.o [1]
  .text               ro code  0x080044fc     0x4  startup_stm32f4xx.o [1]
  .text               ro code  0x08004500     0x4  startup_stm32f4xx.o [1]
  .text               ro code  0x08004504     0x4  startup_stm32f4xx.o [1]
  .text               ro code  0x08004508     0x4  startup_stm32f4xx.o [1]
  .text               ro code  0x0800450c     0x4  startup_stm32f4xx.o [1]
  .text               ro code  0x08004510     0x4  startup_stm32f4xx.o [1]
  .text               ro code  0x08004514     0x4  startup_stm32f4xx.o [1]
  .text               ro code  0x08004518     0x4  startup_stm32f4xx.o [1]
  .text               ro code  0x0800451c     0x4  startup_stm32f4xx.o [1]
  .text               ro code  0x08004520     0x4  startup_stm32f4xx.o [1]
  .text               ro code  0x08004524     0x4  startup_stm32f4xx.o [1]
  .text               ro code  0x08004528     0x4  startup_stm32f4xx.o [1]
  .text               ro code  0x0800452c     0x4  startup_stm32f4xx.o [1]
  .text               ro code  0x08004530     0x4  startup_stm32f4xx.o [1]
  .text               ro code  0x08004534     0x4  startup_stm32f4xx.o [1]
  .text               ro code  0x08004538     0x4  startup_stm32f4xx.o [1]
  .text               ro code  0x0800453c     0x4  startup_stm32f4xx.o [1]
  .text               ro code  0x08004540     0x4  startup_stm32f4xx.o [1]
  .text               ro code  0x08004544     0x4  startup_stm32f4xx.o [1]
  .text               ro code  0x08004548     0x4  startup_stm32f4xx.o [1]
  .text               ro code  0x0800454c     0x4  startup_stm32f4xx.o [1]
  .text               ro code  0x08004550     0x4  startup_stm32f4xx.o [1]
  .text               ro code  0x08004554     0x4  startup_stm32f4xx.o [1]
  .text               ro code  0x08004558     0x4  startup_stm32f4xx.o [1]
  .text               ro code  0x0800455c     0x4  startup_stm32f4xx.o [1]
  .text               ro code  0x08004560     0x4  startup_stm32f4xx.o [1]
  .text               ro code  0x08004564     0x4  startup_stm32f4xx.o [1]
  .text               ro code  0x08004568     0x4  startup_stm32f4xx.o [1]
  .text               ro code  0x0800456c     0x4  startup_stm32f4xx.o [1]
  .text               ro code  0x08004570     0x4  startup_stm32f4xx.o [1]
  .text               ro code  0x08004574     0x4  startup_stm32f4xx.o [1]
  .text               ro code  0x08004578     0x4  startup_stm32f4xx.o [1]
  .text               ro code  0x0800457c     0x4  startup_stm32f4xx.o [1]
  .text               ro code  0x08004580     0x4  startup_stm32f4xx.o [1]
  .text               ro code  0x08004584     0x4  startup_stm32f4xx.o [1]
  .text               ro code  0x08004588     0x4  startup_stm32f4xx.o [1]
  .text               ro code  0x0800458c     0x4  startup_stm32f4xx.o [1]
  .text               ro code  0x08004590     0x4  startup_stm32f4xx.o [1]
  .text               ro code  0x08004594     0x4  startup_stm32f4xx.o [1]
  .text               ro code  0x08004598     0x4  startup_stm32f4xx.o [1]
  .text               ro code  0x0800459c     0x4  startup_stm32f4xx.o [1]
  .text               ro code  0x080045a0     0x4  startup_stm32f4xx.o [1]
  .text               ro code  0x080045a4     0x4  startup_stm32f4xx.o [1]
  .text               ro code  0x080045a8     0x4  startup_stm32f4xx.o [1]
  .text               ro code  0x080045ac     0x4  startup_stm32f4xx.o [1]
  .text               ro code  0x080045b0     0x4  startup_stm32f4xx.o [1]
  .text               ro code  0x080045b4     0x4  startup_stm32f4xx.o [1]
  .text               ro code  0x080045b8     0x4  startup_stm32f4xx.o [1]
  .text               ro code  0x080045bc     0x4  startup_stm32f4xx.o [1]
  .text               ro code  0x080045c0     0x4  startup_stm32f4xx.o [1]
  .text               ro code  0x080045c4     0x4  startup_stm32f4xx.o [1]
  .text               ro code  0x080045c8     0x4  startup_stm32f4xx.o [1]
  .text               ro code  0x080045cc     0x4  startup_stm32f4xx.o [1]
  .text               ro code  0x080045d0     0x4  startup_stm32f4xx.o [1]
  .text               ro code  0x080045d4     0x4  startup_stm32f4xx.o [1]
  .text               ro code  0x080045d8     0x4  startup_stm32f4xx.o [1]
  .text               ro code  0x080045dc     0x4  startup_stm32f4xx.o [1]
  .text               ro code  0x080045e0     0x4  startup_stm32f4xx.o [1]
  .text               ro code  0x080045e4     0x4  startup_stm32f4xx.o [1]
  .text               ro code  0x080045e8     0x4  startup_stm32f4xx.o [1]
  .text               ro code  0x080045ec     0x4  startup_stm32f4xx.o [1]
  .text               ro code  0x080045f0     0x4  startup_stm32f4xx.o [1]
  .text               ro code  0x080045f4     0x4  startup_stm32f4xx.o [1]
  .text               ro code  0x080045f8     0x4  startup_stm32f4xx.o [1]
  .text               ro code  0x080045fc     0x4  startup_stm32f4xx.o [1]
  .text               ro code  0x08004600     0x4  startup_stm32f4xx.o [1]
  .text               ro code  0x08004604     0x4  startup_stm32f4xx.o [1]
  .text               ro code  0x08004608     0x4  startup_stm32f4xx.o [1]
  .text               ro code  0x0800460c     0x4  startup_stm32f4xx.o [1]
  .text               ro code  0x08004610     0x4  startup_stm32f4xx.o [1]
  .text               ro code  0x08004614     0x4  startup_stm32f4xx.o [1]
  .text               ro code  0x08004618     0x0  cstart_closeall.o [5]
  .rodata             const    0x08004618     0x0  zero_init3.o [5]
  .rodata             const    0x08004618     0x0  packbits_init_single.o [5]
  Initializer bytes   const    0x08004618    0x8d  <for P2-1>
                             - 0x080046a5  0x451d

"P2", part 1 of 3:                          0x174
  P2-1                         0x20000000   0x174  <Init block>
    .data             inited   0x20000000     0x4  SCCB.o [1]
    .data             inited   0x20000004    0x10  stm32f4xx_rcc.o [1]
    .data             inited   0x20000014    0x40  xfiles.o [3]
    .data             inited   0x20000054    0x40  xfiles.o [3]
    .data             inited   0x20000094    0x40  xfiles.o [3]
    .data             inited   0x200000d4    0x20  xfiles.o [3]
    .data             inited   0x200000f4     0x8  XShttio.o [3]
    __DLIB_PERTHREAD  inited   0x200000fc    0x74  setlocale.o [3]
    __DLIB_PERTHREAD  inited   0x20000170     0x4  errno.o [3]
                             - 0x20000174   0x174

"P2", part 2 of 3:                          0x600
  CSTACK                       0x20000178   0x400  <Block>
    CSTACK            uninit   0x20000178   0x400  <Block tail>
  HEAP                         0x20000578   0x200  <Block>
    HEAP              uninit   0x20000578   0x200  <Block tail>
                             - 0x20000778   0x600

"P2", part 3 of 3:                          0x14c
  .bss                zero     0x20000778    0x80  XShHandles.o [3]
  .bss                zero     0x200007f8    0x50  xfiles.o [3]
  .bss                zero     0x20000848    0x50  xfiles.o [3]
  .bss                zero     0x20000898    0x10  main.o [1]
  .bss                zero     0x200008a8     0xc  main.o [1]
  .bss                zero     0x200008b4     0x8  xxmemxmalloc.o [3]
  .bss                zero     0x200008bc     0x4  LCD.o [1]
  .bss                zero     0x200008c0     0x4  xgetmemchunk.o [3]
                             - 0x200008c4   0x14c


*******************************************************************************
*** INIT TABLE
***

          Address     Size
          -------     ----
Zero (__iar_zero_init3)
    1 destination range, total size 0x14c:
          0x20000778  0x14c

Copy/packbits (__iar_packbits_init_single3)
    1 source range, total size 0x8d (37% of destination):
          0x08004618   0x8d
    1 destination range, total size 0x174:
          0x20000000  0x174



*******************************************************************************
*** MODULE SUMMARY
***

    Module                  ro code  ro data  rw data
    ------                  -------  -------  -------
D:\Stm_Reverse Cam\validation\came-rec\Project\EWARM\STM32F407VGT6\Obj: [1]
    AsciiLib.o                1 540
    LCD.o                     5 292                 4
    SCCB.o                      562        1        4
    dcmi_OV7670.o             1 056
    main.o                    1 448                28
    misc.o                      120
    startup_stm32f4xx.o         772
    stm32f4xx_dac.o             124
    stm32f4xx_dcmi.o            124
    stm32f4xx_dma.o             380
    stm32f4xx_exti.o            128
    stm32f4xx_fsmc.o            220
    stm32f4xx_gpio.o            166
    stm32f4xx_i2c.o             412
    stm32f4xx_it.o               18
    stm32f4xx_rcc.o             304        6       16
    stm32f4xx_syscfg.o           40
    stm32f4xx_tim.o             182
    system_stm32f4xx.o          224
    -------------------------------------------------
    Total:                   13 112        7       52

command line: [2]
    -------------------------------------------------
    Total:

dl7M_tlf.a: [3]
    XShHandles.o                204               128
    XShttio.o                     8        3        8
    errno.o                      12        2        4
    exit.o                        4
    fclose.o                    122
    fflush.o                    176
    fputc.o                      86
    fseek.o                      34
    low_level_init.o              4
    printf.o                     36
    putchar.o                    12
    setlocale.o                  20       44      116
    xcloseall.o                  88
    xencoding_sb.o               96
    xfgpos.o                     12
    xfiles.o                              85      384
    xfofind.o                   128
    xfspos.o                    214
    xfwprep.o                   184
    xgetmemchunk.o               44                 4
    xmbcurmax.o                  10
    xmbtowc.o                    32
    xprintfsmall.o            1 988
    xprout.o                     22
    xsyslock_nop.o                4
    xtls.o                        2
    xwctomb.o                    26
    xxmemxfree.o                128
    xxmemxmalloc.o              176                 8
    -------------------------------------------------
    Total:                    3 872      134      652

m7M_tls.a: [4]
    fpinit_M.o                   34
    -------------------------------------------------
    Total:                       34

rt7M_tl.a: [5]
    ABImemcpy_unaligned.o       118
    cexit.o                      14
    cmain.o                      26
    cstart_closeall.o
    cstartup_M.o                 12
    data_init.o                  40
    memchr.o                     88
    packbits_init_single.o       56
    strchr.o                     22
    strlen.o                     54
    zero_init3.o                 64
    -------------------------------------------------
    Total:                      494

shb_l.a: [6]
    close.o                      26
    dwrite.o                     30
    exit.o                       20
    iarttio.o                   108
    iarwrite.o                   34
    iarwstd.o                    32
    lseek.o                      76
    remove.o                     22
    write.o                      16
    -------------------------------------------------
    Total:                      364

    Gaps                         34        2
    Linker created                        32    1 536
-----------------------------------------------------
    Grand Total:             17 910      175    2 240


*******************************************************************************
*** ENTRY LIST
***

Entry                      Address    Size  Type      Object
-----                      -------    ----  ----      ------
.iar.init_table$$Base   0x080043f0           --   Gb  - Linker created -
.iar.init_table$$Limit  0x08004410           --   Gb  - Linker created -
?main                   0x08004411          Code  Gb  cmain.o [5]
APBAHBPrescTable        0x20000004    0x10  Data  Lc  stm32f4xx_rcc.o [1]
AsciiLib                0x080018fc   0x5f0  Data  Lc  AsciiLib.o [1]
BusFault_Handler        0x08004483     0x2  Code  Gb  stm32f4xx_it.o [1]
CSTACK$$Base            0x20000178           --   Gb  - Linker created -
CSTACK$$Limit           0x20000578           --   Gb  - Linker created -
DAC_Ch1_NoiseConfig     0x08002caf    0x18  Code  Gb  main.o [1]
DAC_Ch1_NoiseStop       0x08002cc7    0x14  Code  Gb  main.o [1]
DAC_Cmd                 0x08003193    0x18  Code  Gb  stm32f4xx_dac.o [1]
DAC_GetDataOutputValue  0x080031c7    0x1e  Code  Gb  stm32f4xx_dac.o [1]
DAC_Init                0x0800316d    0x26  Code  Gb  stm32f4xx_dac.o [1]
DAC_InitStructure       0x20000898    0x10  Data  Gb  main.o [1]
DAC_SetChannel1Data     0x080031ab     0xa  Code  Gb  stm32f4xx_dac.o [1]
DCMI_CaptureCmd         0x080037ed    0x14  Code  Gb  stm32f4xx_dcmi.o [1]
DCMI_Cmd                0x080037d9    0x14  Code  Gb  stm32f4xx_dcmi.o [1]
DCMI_Config             0x0800320d   0x1a4  Code  Gb  dcmi_OV7670.o [1]
DCMI_ITConfig           0x08003801    0x14  Code  Gb  stm32f4xx_dcmi.o [1]
DCMI_Init               0x080037a9    0x30  Code  Gb  stm32f4xx_dcmi.o [1]
DCMI_OV7670_Init        0x08003427    0x52  Code  Gb  dcmi_OV7670.o [1]
DCMI_OV7670_ReadID      0x08003479    0x4e  Code  Gb  dcmi_OV7670.o [1]
DCMI_SingleRandomRead   0x08003949    0xc0  Code  Gb  SCCB.o [1]
DCMI_SingleRandomWrite  0x080038c3    0x7c  Code  Gb  SCCB.o [1]
DCMI_TIMEOUT_MAX        0x20000000     0x4  Data  Gb  SCCB.o [1]
DMA_Cmd                 0x0800373d    0x12  Code  Gb  stm32f4xx_dma.o [1]
DMA_DeInit              0x0800362d    0xc0  Code  Gb  stm32f4xx_dma.o [1]
DMA_Init                0x080036ed    0x50  Code  Gb  stm32f4xx_dma.o [1]
DebugMon_Handler        0x08004489     0x2  Code  Gb  stm32f4xx_it.o [1]
Delay                   0x08002db7    0x10  Code  Gb  main.o [1]
Delay_ms                0x080034c7    0x16  Code  Lc  dcmi_OV7670.o [1]
DeviceCode              0x200008be     0x2  Data  Gb  LCD.o [1]
EXTI0_IRQHandler        0x08002d0b    0x8c  Code  Gb  main.o [1]
EXTI_GetITStatus        0x08002ff9    0x16  Code  Gb  stm32f4xx_exti.o [1]
EXTI_Init               0x08002f95    0x64  Code  Gb  stm32f4xx_exti.o [1]
FSMC_NORSRAMCmd         0x080018c5    0x14  Code  Gb  stm32f4xx_fsmc.o [1]
FSMC_NORSRAMInit        0x0800180d    0xb8  Code  Gb  stm32f4xx_fsmc.o [1]
GPIO_Init               0x08001765    0x70  Code  Gb  stm32f4xx_gpio.o [1]
GPIO_PinAFConfig        0x080017e7    0x24  Code  Gb  stm32f4xx_gpio.o [1]
GPIO_ReadInputDataBit   0x080017d5     0xe  Code  Gb  stm32f4xx_gpio.o [1]
GPIO_ResetBits          0x080017e3     0x4  Code  Gb  stm32f4xx_gpio.o [1]
GUI_Text                0x080015db    0x44  Code  Gb  LCD.o [1]
GetASCIICode            0x080018e9    0x12  Code  Gb  AsciiLib.o [1]
HEAP$$Base              0x20000578           --   Gb  - Linker created -
HEAP$$Limit             0x20000778           --   Gb  - Linker created -
HardFault_Handler       0x0800447f     0x2  Code  Gb  stm32f4xx_it.o [1]
I2C_AcknowledgeConfig   0x08003bbd    0x14  Code  Gb  stm32f4xx_i2c.o [1]
I2C_CheckEvent          0x08003bdb    0x1a  Code  Gb  stm32f4xx_i2c.o [1]
I2C_Cmd                 0x08003b71    0x14  Code  Gb  stm32f4xx_i2c.o [1]
I2C_DeInit              0x08003a59    0x52  Code  Gb  stm32f4xx_i2c.o [1]
I2C_GenerateSTART       0x08003b85    0x14  Code  Gb  stm32f4xx_i2c.o [1]
I2C_GenerateSTOP        0x08003b99    0x14  Code  Gb  stm32f4xx_i2c.o [1]
I2C_Init                0x08003aab    0xb0  Code  Gb  stm32f4xx_i2c.o [1]
I2C_ReceiveData         0x08003bd5     0x6  Code  Gb  stm32f4xx_i2c.o [1]
I2C_Send7bitAddress     0x08003bad    0x10  Code  Gb  stm32f4xx_i2c.o [1]
I2C_SendData            0x08003bd1     0x4  Code  Gb  stm32f4xx_i2c.o [1]
LCD_Clear               0x080014a3    0x5a  Code  Gb  LCD.o [1]
LCD_Code                0x200008bc     0x1  Data  Lc  LCD.o [1]
LCD_CtrlLinesConfig     0x08000189    0xea  Code  Lc  LCD.o [1]
LCD_Initializtion       0x080002b1  0x100c  Code  Gb  LCD.o [1]
LCD_SetCursor           0x0800152d    0x30  Code  Gb  LCD.o [1]
LCD_SetPoint            0x0800156d    0x1e  Code  Gb  LCD.o [1]
LCD_WriteReg            0x0800161f     0xc  Code  Gb  LCD.o [1]
LoadInt                 0x08002395    0x4c  Code  Lc  xprintfsmall.o [3]
MCO1_Init               0x080033b1    0x42  Code  Gb  dcmi_OV7670.o [1]
MemManage_Handler       0x08004481     0x2  Code  Gb  stm32f4xx_it.o [1]
NMI_Handler             0x0800447d     0x2  Code  Gb  stm32f4xx_it.o [1]
NVIC_Init               0x0800301f    0x58  Code  Gb  misc.o [1]
NVIC_PriorityGroupConfig
                        0x08003015     0xa  Code  Gb  misc.o [1]
PendSV_Handler          0x0800448b     0x2  Code  Gb  stm32f4xx_it.o [1]
PutChar                 0x0800158b    0x50  Code  Gb  LCD.o [1]
RCC_AHB1PeriphClockCmd  0x080016c7    0x12  Code  Gb  stm32f4xx_rcc.o [1]
RCC_AHB2PeriphClockCmd  0x080016d9    0x12  Code  Gb  stm32f4xx_rcc.o [1]
RCC_AHB3PeriphClockCmd  0x080016eb    0x12  Code  Gb  stm32f4xx_rcc.o [1]
RCC_APB1PeriphClockCmd  0x080016fd    0x12  Code  Gb  stm32f4xx_rcc.o [1]
RCC_APB1PeriphResetCmd  0x08001721    0x12  Code  Gb  stm32f4xx_rcc.o [1]
RCC_APB2PeriphClockCmd  0x0800170f    0x12  Code  Gb  stm32f4xx_rcc.o [1]
RCC_ClockSecuritySystemCmd
                        0x08001635     0x6  Code  Gb  stm32f4xx_rcc.o [1]
RCC_GetClocksFreq       0x0800164d    0x7a  Code  Gb  stm32f4xx_rcc.o [1]
RCC_MCO1Config          0x0800163b     0xa  Code  Gb  stm32f4xx_rcc.o [1]
Region$$Table$$Base     0x080043f0           --   Gb  - Linker created -
Region$$Table$$Limit    0x08004410           --   Gb  - Linker created -
SCCB_GPIO_Config        0x08003825    0x9e  Code  Gb  SCCB.o [1]
SVC_Handler             0x08004487     0x2  Code  Gb  stm32f4xx_it.o [1]
SYSCFG_EXTILineConfig   0x0800308d    0x22  Code  Gb  stm32f4xx_syscfg.o [1]
SysTick_Handler         0x0800448d     0x2  Code  Gb  stm32f4xx_it.o [1]
SystemInit              0x08003bf5    0xc4  Code  Gb  system_stm32f4xx.o [1]
TIM6_Config             0x08002c75    0x3a  Code  Gb  main.o [1]
TIM_Cmd                 0x08003129    0x14  Code  Gb  stm32f4xx_tim.o [1]
TIM_SelectOutputTrigger
                        0x08003159    0x12  Code  Gb  stm32f4xx_tim.o [1]
TIM_TimeBaseInit        0x080030b5    0x62  Code  Gb  stm32f4xx_tim.o [1]
TIM_TimeBaseStructInit  0x08003117    0x12  Code  Gb  stm32f4xx_tim.o [1]
UsageFault_Handler      0x08004485     0x2  Code  Gb  stm32f4xx_it.o [1]
_Close_all              0x0800427d    0x58  Code  Gb  xcloseall.o [3]
_EncodingSb_Mbtowc      0x08002977    0x30  Code  Gb  xencoding_sb.o [3]
_EncodingSb_Mbtowc::initial
                        0x080029b4     0x8  Data  Lc  xencoding_sb.o [3]
_EncodingSb_Wctomb      0x0800295d    0x1a  Code  Gb  xencoding_sb.o [3]
_EncodingSb_Wctomb::initial
                        0x080029ac     0x8  Data  Lc  xencoding_sb.o [3]
_Files                  0x200000d4    0x20  Data  Gb  xfiles.o [3]
_Fofree                 0x08004151    0x78  Code  Gb  xfofind.o [3]
_Fspos                  0x08003cd5    0xd6  Code  Gb  xfspos.o [3]
_Fwprep                 0x08004075    0xb8  Code  Gb  xfwprep.o [3]
_IsdstStr               0x20000100     0x4  Data  Gb  setlocale.o [3]
_LitobSmall             0x08002613    0xce  Code  Lc  xprintfsmall.o [3]
_LocaleEncoding         0x08002949     0xe  Code  Gb  setlocale.o [3]
_LocaleReturnString     0x20000120    0x50  Data  Lc  setlocale.o [3]
_Locale_Profile         0x20000104    0x1c  Data  Gb  setlocale.o [3]
_Mbtowc                 0x08002729    0x20  Code  Gb  xmbtowc.o [3]
_Nnl                    0x08003e5d     0xc  Code  Gb  xfgpos.o [3]
_PrintfSmall            0x08001f65   0x430  Code  Gb  xprintfsmall.o [3]
_Prout                  0x08004459    0x16  Code  Gb  xprout.o [3]
_PutcharsSmall          0x080026e1    0x2e  Code  Lc  xprintfsmall.o [3]
_PutstrSmall            0x080023e1   0x228  Code  Lc  xprintfsmall.o [3]
_TzoneStr               0x200000fc     0x4  Data  Gb  setlocale.o [3]
_Wctomb                 0x080028ad    0x1a  Code  Gb  xwctomb.o [3]
__aeabi_errno_addr      0x08003eb5     0x6  Code  Gb  errno.o [3]
__cexit_closeall        0x08004437          Code  Gb  cexit.o [5]
__close                 0x0800424b    0x1a  Code  Gb  close.o [6]
__cmain                 0x08004411          Code  Gb  cmain.o [5]
__cstart_closeall       0x08004618          Data  Gb  cstart_closeall.o [5]
__data_Aldata           0x200008b4     0x8  Data  Gb  xxmemxmalloc.o [3]
__data_GetMemChunk      0x080029bd    0x2c  Code  Gb  xgetmemchunk.o [3]
__data_GetMemChunk::start
                        0x200008c0     0x4  Data  Lc  xgetmemchunk.o [3]
__dwrite                0x08003fa1    0x1e  Code  Gb  dwrite.o [6]
__exit                  0x08004445    0x14  Code  Gb  exit.o [6]
__iar_Errno             0x20000170     0x4  Data  Gb  errno.o [3]
__iar_Lockfilelock      0x08003ec1     0x2  Code  Gb  xsyslock_nop.o [3]
__iar_Mbcurmax          0x080027f1     0xa  Code  Gb  xmbcurmax.o [3]
__iar_Memchr            0x08002799          Code  Gb  memchr.o [5]
__iar_Stderr            0x20000094    0x40  Data  Gb  xfiles.o [3]
__iar_Stdin             0x20000014    0x40  Data  Gb  xfiles.o [3]
__iar_Stdout            0x20000054    0x40  Data  Gb  xfiles.o [3]
__iar_Strchr            0x08002749          Code  Gb  strchr.o [5]
__iar_Unlockfilelock    0x08003ec3     0x2  Code  Gb  xsyslock_nop.o [3]
__iar_close_ttio        0x08004001    0x2e  Code  Gb  iarttio.o [6]
__iar_data_init3        0x080043a5    0x28  Code  Gb  data_init.o [5]
__iar_dlib_perthread_access
                        0x080029e9     0x2  Code  Gb  xtls.o [3]
__iar_get_ttio          0x08004031    0x38  Code  Gb  iarttio.o [6]
__iar_init_vfp          0x080043cd          Code  Gb  fpinit_M.o [4]
__iar_lookup_ttioh      0x0800406d     0x8  Code  Gb  XShttio.o [3]
__iar_packbits_init_single3
                        0x0800436b    0x38  Code  Gb  packbits_init_single.o [5]
__iar_program_start     0x080044a1          Code  Gb  cstartup_M.o [5]
__iar_sh_Discard        0x08003ed5    0x3e  Code  Gb  XShHandles.o [3]
__iar_sh_Move           0x08003f19    0x46  Code  Gb  XShHandles.o [3]
__iar_sh_Pos            0x08003f5f    0x3e  Code  Gb  XShHandles.o [3]
__iar_sh_stdout         0x08003fbf    0x20  Code  Gb  iarwstd.o [6]
__iar_sh_write          0x08003fdf    0x22  Code  Gb  iarwrite.o [6]
__iar_ttio_handles      0x200000f4     0x8  Data  Lc  XShttio.o [3]
__iar_unaligned___aeabi_memcpy
                        0x08001eed          Code  Gb  ABImemcpy_unaligned.o [5]
__iar_unaligned___aeabi_memcpy4
                        0x08001f0d          Code  Gb  ABImemcpy_unaligned.o [5]
__iar_unaligned___aeabi_memcpy8
                        0x08001f0d          Code  Gb  ABImemcpy_unaligned.o [5]
__iar_zero_init3        0x0800432b    0x40  Code  Gb  zero_init3.o [5]
__low_level_init        0x0800442b     0x4  Code  Gb  low_level_init.o [3]
__lseek                 0x08003e69    0x4c  Code  Gb  lseek.o [6]
__vector_table          0x08000000          Data  Gb  startup_stm32f4xx.o [1]
__write                 0x08003ec5    0x10  Code  Gb  write.o [6]
_call_main              0x0800441d          Code  Gb  cmain.o [5]
_exit                   0x08004435          Code  Gb  cexit.o [5]
_main                   0x08004427          Code  Gb  cmain.o [5]
change_reg              0x080034dc   0x150  Data  Gb  dcmi_OV7670.o [1]
delay_ms                0x080002a1     0xe  Code  Lc  LCD.o [1]
ebuf                    0x200007f8    0x50  Data  Lc  xfiles.o [3]
exit                    0x0800442f     0x4  Code  Gb  exit.o [3]
fclose                  0x080041d1    0x7a  Code  Gb  fclose.o [3]
fflush                  0x08003e23    0x34  Code  Gb  fflush.o [3]
fflushOne               0x08003dad    0x76  Code  Lc  fflush.o [3]
fputc                   0x080042d5    0x56  Code  Gb  fputc.o [3]
free                    0x080028c9    0x7a  Code  Gb  xxmemxfree.o [3]
fseek                   0x0800412d    0x22  Code  Gb  fseek.o [3]
main                    0x080029ed   0x25e  Code  Gb  main.o [1]
malloc                  0x080027fd    0xac  Code  Gb  xxmemxmalloc.o [3]
memchr                  0x08002799          Code  Gb  memchr.o [5]
obuf                    0x20000848    0x50  Data  Lc  xfiles.o [3]
printf                  0x080031e9    0x24  Code  Gb  printf.o [3]
putchar                 0x08004471     0xc  Code  Gb  putchar.o [3]
remove                  0x08004265    0x16  Code  Gb  remove.o [6]
sFileInfo               0x20000778    0x80  Data  Lc  XShHandles.o [3]
strchr                  0x08002749          Code  Gb  strchr.o [5]
strlen                  0x08002761          Code  Gb  strlen.o [5]
var_exti                0x200008a8     0x8  Data  Gb  main.o [1]
var_nvic                0x200008b0     0x4  Data  Gb  main.o [1]


[1] = D:\Stm_Reverse Cam\validation\came-rec\Project\EWARM\STM32F407VGT6\Obj
[2] = command line
[3] = dl7M_tlf.a
[4] = m7M_tls.a
[5] = rt7M_tl.a
[6] = shb_l.a

  17 910 bytes of readonly  code memory
     175 bytes of readonly  data memory
   2 240 bytes of readwrite data memory

Errors: none
Warnings: none
